// Jest Snapshot v1, https://goo.gl/fbAQLP

exports[`matches snapshot 1`] = `
<DocumentFragment>
  <div
    class="Flipper"
  >
    <h3>
      Let's flip a coin!
    </h3>
    <div />
    <button
      data-testid="flip-button"
    >
      FLIP MEEEE
    </button>
    <p>
      Out of 0 flips, there have been 0 heads and 0 tails.
    </p>
  </div>
</DocumentFragment>
`;
